../Drivers/CMSIS/Include/core_cm0.h:856:34:__NVIC_SystemReset	8	static,ignoring_inline_asm
../Core/Src/main.c:120:5:main	16	static
../Core/Src/main.c:222:6:SystemClock_Config	88	static
../Core/Src/main.c:260:13:MX_ADC_Init	24	static
../Core/Src/main.c:346:13:MX_CAN_Init	8	static
../Core/Src/main.c:383:13:MX_TIM3_Init	32	static
../Core/Src/main.c:426:13:MX_DMA_Init	16	static
../Core/Src/main.c:444:13:MX_GPIO_Init	48	static
../Core/Src/main.c:479:6:current_measure	24	static
../Core/Src/main.c:489:6:voltage_measure	24	static
../Core/Src/main.c:507:8:ADC_to_Temperature	64	static
../Core/Src/main.c:515:6:CAN_send_status	8	static
../Core/Src/main.c:535:6:HAL_TIM_PeriodElapsedCallback	16	static
../Core/Src/main.c:593:6:Error_Handler	8	static
